<html>
<body>
<pre>
<h1>µVision Build Log</h1>
<h2>Tool Versions:</h2>
IDE-Version: µVision V5.27.1.0
Copyright (C) 2019 ARM Ltd and ARM Germany GmbH. All rights reserved.
License Information: al h, home, LIC=----
 
Tool Versions:
Toolchain:       MDK-Lite  Version: 5.27.1.0
Toolchain Path:  C:\tools\Keil_v5\ARM\ARMCC\Bin
C Compiler:      Armcc.exe V5.06 update 6 (build 750)
Assembler:       Armasm.exe V5.06 update 6 (build 750)
Linker/Locator:  ArmLink.exe V5.06 update 6 (build 750)
Library Manager: ArmAr.exe V5.06 update 6 (build 750)
Hex Converter:   FromElf.exe V5.06 update 6 (build 750)
CPU DLL:         SARMCM3.DLL V5.27.1.0
Dialog DLL:      DCM.DLL V1.17.2.0
Target DLL:      Segger\JL2CM3.dll V2.99.35.0
Dialog DLL:      TCM.DLL V1.36.1.0
 
<h2>Project:</h2>
D:\STM_prj\dalic\DALI_master.uvprojx
Project File Date:  09/03/2020

<h2>Output:</h2>
*** Using Compiler 'V5.06 update 6 (build 750)', folder: 'C:\tools\Keil_v5\ARM\ARMCC\Bin'
Build target 'Target 1'
compiling uart.c...
uart.c(53): warning:  #550-D: variable "tmp"  was set but never used
  	uint16_t tmp = 0;
uart.c: 1 warning, 0 errors
compiling main.c...
main.c(81): warning:  #550-D: variable "is_bus"  was set but never used
  	uint8_t is_bus = 0;
main.c: 1 warning, 0 errors
compiling spi.c...
compiling timers.c...
compiling dali.c...
dali.c(80): warning:  #177-D: variable "str_buf"  was declared but never referenced
  	char str_buf[255];
dali.c(353): warning:  #167-D: argument of type "volatile struct BUS *" is incompatible with parameter of type "struct BUS *"
  	bus_ena(&gBuses[0], 1);
dali.c: 2 warnings, 0 errors
compiling utils.c...
compiling cmd.c...
cmd.c(37): warning:  #513-D: a value of type "void *" cannot be assigned to an entity of type "char *(*)(void)"
  	_get_str_handler = get_str_handler;
cmd.c(38): warning:  #513-D: a value of type "void *" cannot be assigned to an entity of type "void (*)(const char *)"
  	_set_str_handler = set_str_handler;
cmd.c(39): warning:  #513-D: a value of type "void *" cannot be assigned to an entity of type "void (*)(void)"
  	_cmd_end_handler = cmd_end_handler;
cmd.c(102): warning:  #513-D: a value of type "void *" cannot be assigned to an entity of type "enum CMD_RESULT (*)(struct CMD_ARGUMENT *, uint8_t)"
  	handler = (void *)sys_func[func_no];
cmd.c(325): warning:  #186-D: pointless comparison of unsigned integer with zero
  	for(uint8_t i=0; i<TOKENS_VAL_SIZE; i++)
cmd.c: 5 warnings, 0 errors
compiling w5500.c...
compiling socket.c...
compiling tcp.c...
tcp.c(21): warning:  #177-D: variable "ret"  was declared but never referenced
  	int32_t ret;
tcp.c(22): warning:  #177-D: variable "size"  was declared but never referenced
  	 uint16_t size = 0, sentsize=0;
tcp.c(22): warning:  #177-D: variable "sentsize"  was declared but never referenced
  	 uint16_t size = 0, sentsize=0;
tcp.c(120): warning:  #167-D: argument of type "const char *" is incompatible with parameter of type "uint8_t *"
  			ret = send(SOCK_TCP,str+sentsize,tx_size-sentsize);
tcp.c: 4 warnings, 0 errors
compiling wizchip_conf.c...
compiling dali_cmd.c...
dali_cmd.c(64): warning:  #167-D: argument of type "uint8_t *" is incompatible with parameter of type "const char *"
  	send_tcp_data((uint8_t *)&buf);
dali_cmd.c(67): warning:  #167-D: argument of type "uint8_t *" is incompatible with parameter of type "const char *"
  	send_tcp_data((uint8_t *)&buf);
dali_cmd.c(70): warning:  #167-D: argument of type "uint8_t *" is incompatible with parameter of type "const char *"
  	send_tcp_data((uint8_t *)&buf);
dali_cmd.c(81): warning:  #167-D: argument of type "uint8_t *" is incompatible with parameter of type "const char *"
  		send_tcp_data((uint8_t *)"\r\nStart test short address");
dali_cmd.c(91): warning:  #167-D: argument of type "uint8_t *" is incompatible with parameter of type "const char *"
  				send_tcp_data((uint8_t *)"\r\nFound short address: 0x");
dali_cmd.c(94): warning:  #167-D: argument of type "uint8_t (*)[3]" is incompatible with parameter of type "const char *"
  				send_tcp_data(&buf);
dali_cmd.c(104): warning:  #167-D: argument of type "uint8_t *" is incompatible with parameter of type "const char *"
  	send_tcp_data((uint8_t *)"\r\nEnd test short address");
dali_cmd.c(226): warning:  #167-D: argument of type "uint8_t (*)[3]" is incompatible with parameter of type "const char *"
  			send_tcp_data(&buf);
dali_cmd.c(315): warning:  #167-D: argument of type "uint8_t (*)[3]" is incompatible with parameter of type "const char *"
  			send_tcp_data(&buf);
dali_cmd.c: 9 warnings, 0 errors
compiling cmd_func.c...
cmd_func.c(324): warning:  #111-D: statement is unreachable
  			if (arg_s->val_t.value > 60){
cmd_func.c(336): warning:  #111-D: statement is unreachable
  			if (arg_m->val_t.value > 60){
cmd_func.c(348): warning:  #111-D: statement is unreachable
  			if (arg_h->val_t.value > 23){
cmd_func.c(360): warning:  #111-D: statement is unreachable
  			if (arg_w->val_t.value > 8){
cmd_func.c(372): warning:  #111-D: statement is unreachable
  			if (arg_dd->val_t.value > 32){
cmd_func.c(384): warning:  #111-D: statement is unreachable
  			if (arg_mm->val_t.value > 13){
cmd_func.c(396): warning:  #111-D: statement is unreachable
  			if (arg_yy->val_t.value < 2000){
cmd_func.c: 7 warnings, 0 errors
compiling irq_handlers.c...
compiling rtc.c...
compiling i2c.c...
i2c.c(52): warning:  #177-D: variable "res"  was declared but never referenced
  	uint8_t res = 0;
i2c.c: 1 warning, 0 errors
compiling misc.c...
assembling startup_stm32f10x_md.s...
compiling stm32f10x_gpio.c...
compiling GPIO_STM32F10x.c...
compiling stm32f10x_rcc.c...
compiling system_stm32f10x.c...
linking...
Program Size: Code=16388 RO-data=2244 RW-data=116 ZI-data=9596  
".\Objects\DALI_master.axf" - 0 Error(s), 30 Warning(s).

<h2>Software Packages used:</h2>

Package Vendor: ARM
                http://www.keil.com/pack/ARM.CMSIS.5.5.1.pack
                ARM.CMSIS.5.5.1
                CMSIS (Cortex Microcontroller Software Interface Standard)
   * Component: CORE Version: 5.2.0

Package Vendor: Keil
                http://www.keil.com/pack/Keil.STM32F1xx_DFP.2.3.0.pack
                Keil.STM32F1xx_DFP.2.3.0
                STMicroelectronics STM32F1 Series Device Support, Drivers and Examples
   * Component: GPIO Version: 1.3
   * Component: Startup Version: 1.0.0
   * Component: Framework Version: 3.5.1
   * Component: GPIO Version: 3.5.0
   * Component: RCC Version: 3.5.0

<h2>Collection of Component include folders:</h2>
  .\RTE\Device\STM32F103CB
  .\RTE\_Target_1
  C:\tools\Keil_v5l\Arm\Packs\ARM\CMSIS\5.5.1\CMSIS\Core\Include
  C:\tools\Keil_v5l\Arm\Packs\Keil\STM32F1xx_DFP\2.3.0\Device\Include
  C:\tools\Keil_v5l\Arm\Packs\Keil\STM32F1xx_DFP\2.3.0\Device\StdPeriph_Driver\inc
  C:\tools\Keil_v5l\Arm\Packs\Keil\STM32F1xx_DFP\2.3.0\RTE_Driver

<h2>Collection of Component Files used:</h2>

   * Component: ARM::CMSIS:CORE:5.2.0

   * Component: Keil::Device:GPIO:1.3
      Include file:  RTE_Driver\GPIO_STM32F10x.h
      Source file:   RTE_Driver\GPIO_STM32F10x.c

   * Component: Keil::Device:Startup:1.0.0
      Source file:   Device\Source\ARM\startup_stm32f10x_md.s
      Source file:   Device\Source\system_stm32f10x.c
      Source file:   Device\Source\ARM\STM32F1xx_OPT.s
      Include file:  RTE_Driver\Config\RTE_Device.h

   * Component: Keil::Device:StdPeriph Drivers:Framework:3.5.1
      Source file:   Device\StdPeriph_Driver\templates\stm32f10x_conf.h
      Include file:  Device\StdPeriph_Driver\inc\misc.h
      Source file:   Device\StdPeriph_Driver\src\misc.c
      Include file:  Device\StdPeriph_Driver\templates\stm32f10x_it.h
      Source file:   Device\StdPeriph_Driver\templates\stm32f10x_it.c

   * Component: Keil::Device:StdPeriph Drivers:GPIO:3.5.0
      Source file:   Device\StdPeriph_Driver\src\stm32f10x_gpio.c
      Include file:  Device\StdPeriph_Driver\inc\stm32f10x_gpio.h

   * Component: Keil::Device:StdPeriph Drivers:RCC:3.5.0
      Source file:   Device\StdPeriph_Driver\src\stm32f10x_rcc.c
      Include file:  Device\StdPeriph_Driver\inc\stm32f10x_rcc.h
Build Time Elapsed:  00:00:02
</pre>
</body>
</html>
